   --------------------------------------------------------------
      Final results and run summary:
      Process p p > sul sul~ [QCD] $$ xglu xglu~
      Run at p-p collider (6500.0 + 6500.0 GeV)
      Total cross section: 7.394e-01 +- 3.8e-04 pb
   --------------------------------------------------------------
      Scale variation (computed from histogram information):
          Dynamical_scale_choice 0 (envelope of 9 values): 
              7.395e-01 pb  +11.6% -12.6%
   --------------------------------------------------------------
