   --------------------------------------------------------------
      Final results and run summary:
      Process p p > sul sur [all=QCD] $$ xglu xglu~
      Run at p-p collider (6500.0 + 6500.0 GeV)
      Total cross section: 3.0132470e-03 +- 6.6e-07 pb
   --------------------------------------------------------------
      Scale variation (computed from histogram information):
          Dynamical_scale_choice 0 (envelope of 9 values):
              3.013e-03 pb  +11.0% -12.1%
   --------------------------------------------------------------
