   --------------------------------------------------------------
      Final results and run summary:
      Process p p > sul sur [all=QCD] $$ xglu xglu~
      Run at p-p collider (6500.0 + 6500.0 GeV)
      Total cross section: 6.397e-02 +- 1.4e-05 pb
   --------------------------------------------------------------
      Scale variation (computed from histogram information):
          Dynamical_scale_choice 0 (envelope of 9 values):
              6.397e-02 pb  +3.1% -7.1%
   --------------------------------------------------------------
