   --------------------------------------------------------------
      Final results and run summary:
      Process p p > sul sur [all=QCD]
      Run at p-p collider (6500.0 + 6500.0 GeV)
      Total cross section: 9.943e-03 +- 2.3e-06 pb
   --------------------------------------------------------------
      Scale variation (computed from histogram information):
          Dynamical_scale_choice 0 (envelope of 9 values):
              9.943e-03 pb  +15.5% -14.4%
   --------------------------------------------------------------
